------------- cycle:1 ---------------
[     ]   [     ]   [     ]   [     ]

[     ]   [  7  ] → [     ]   [     ]

[     ] → [     ] ← [  0  ]   [     ]

[     ]   [     ]   [     ]   [     ]
------------- cycle:2 ---------------
[     ]   [     ]   [     ]   [     ]

[     ]   [     ] ← [  1  ]   [     ]
             ↑         ↑
[     ] ← [  2  ]   [  8  ]   [     ]

[     ]   [     ]   [     ]   [     ]
------------- cycle:3 ---------------
[     ]   [     ]   [     ]   [     ]

[     ] ← [  4  ]   [  9  ]   [     ]
                       ↓
[  3  ] → [     ]   [     ]   [     ]

[     ]   [     ]   [     ]   [     ]
------------- cycle:4 ---------------
[     ]   [     ]   [     ]   [     ]

[  5  ]   [     ]   [     ]   [     ]
   ↓         ↑         ↑
[     ]   [  6  ]   [ 10  ]   [     ]

[     ]   [     ]   [     ]   [     ]
------------- cycle:5 ---------------
                 .
                 .
                 .
                  

